../Core/Src/oled.c:120:13:oled_cs_low	8	static
../Core/Src/oled.c:121:13:oled_cs_high	8	static
../Core/Src/oled.c:122:13:oled_dc_cmd	8	static
../Core/Src/oled.c:123:13:oled_dc_data	8	static
../Core/Src/oled.c:124:13:oled_reset_low	8	static
../Core/Src/oled.c:125:13:oled_reset_high	8	static
../Core/Src/oled.c:127:13:oled_gpio_init	40	static
../Core/Src/oled.c:154:13:oled_send_cmd	16	static
../Core/Src/oled.c:162:13:oled_send_data	16	static
../Core/Src/oled.c:171:13:oled_set_window	32	static
../Core/Src/oled.c:191:6:OLED_Init	48	static
../Core/Src/oled.c:279:6:OLED_FillScreen	80	dynamic
../Core/Src/oled.c:312:13:oled_draw_pixel	24	static
../Core/Src/oled.c:320:6:OLED_DrawString	48	static
../Core/Src/oled.c:354:6:OLED_ShowState	24	static
../Core/Src/oled.c:375:6:OLED_Animation_Pulse	32	static
