Archive member included to satisfy reference by file (symbol)

C:/ST/STM32CubeIDE_1.19.0/STM32CubeIDE/plugins/com.st.stm32cube.ide.mcu.externaltools.gnu-tools-for-stm32.13.3.rel1.win32_1.0.0.202411081344/tools/bin/../lib/gcc/arm-none-eabi/13.3.1/../../../../arm-none-eabi/lib/thumb/v7e-m+fp/hard\libc_nano.a(libc_a-exit.o)
                              C:/ST/STM32CubeIDE_1.19.0/STM32CubeIDE/plugins/com.st.stm32cube.ide.mcu.externaltools.gnu-tools-for-stm32.13.3.rel1.win32_1.0.0.202411081344/tools/bin/../lib/gcc/arm-none-eabi/13.3.1/../../../../arm-none-eabi/lib/thumb/v7e-m+fp/hard/crt0.o (exit)
C:/ST/STM32CubeIDE_1.19.0/STM32CubeIDE/plugins/com.st.stm32cube.ide.mcu.externaltools.gnu-tools-for-stm32.13.3.rel1.win32_1.0.0.202411081344/tools/bin/../lib/gcc/arm-none-eabi/13.3.1/../../../../arm-none-eabi/lib/thumb/v7e-m+fp/hard\libc_nano.a(libc_a-findfp.o)
                              C:/ST/STM32CubeIDE_1.19.0/STM32CubeIDE/plugins/com.st.stm32cube.ide.mcu.externaltools.gnu-tools-for-stm32.13.3.rel1.win32_1.0.0.202411081344/tools/bin/../lib/gcc/arm-none-eabi/13.3.1/../../../../arm-none-eabi/lib/thumb/v7e-m+fp/hard\libc_nano.a(libc_a-exit.o) (__stdio_exit_handler)
C:/ST/STM32CubeIDE_1.19.0/STM32CubeIDE/plugins/com.st.stm32cube.ide.mcu.externaltools.gnu-tools-for-stm32.13.3.rel1.win32_1.0.0.202411081344/tools/bin/../lib/gcc/arm-none-eabi/13.3.1/../../../../arm-none-eabi/lib/thumb/v7e-m+fp/hard\libc_nano.a(libc_a-fwalk.o)
                              C:/ST/STM32CubeIDE_1.19.0/STM32CubeIDE/plugins/com.st.stm32cube.ide.mcu.externaltools.gnu-tools-for-stm32.13.3.rel1.win32_1.0.0.202411081344/tools/bin/../lib/gcc/arm-none-eabi/13.3.1/../../../../arm-none-eabi/lib/thumb/v7e-m+fp/hard\libc_nano.a(libc_a-findfp.o) (_fwalk_sglue)
C:/ST/STM32CubeIDE_1.19.0/STM32CubeIDE/plugins/com.st.stm32cube.ide.mcu.externaltools.gnu-tools-for-stm32.13.3.rel1.win32_1.0.0.202411081344/tools/bin/../lib/gcc/arm-none-eabi/13.3.1/../../../../arm-none-eabi/lib/thumb/v7e-m+fp/hard\libc_nano.a(libc_a-stdio.o)
                              C:/ST/STM32CubeIDE_1.19.0/STM32CubeIDE/plugins/com.st.stm32cube.ide.mcu.externaltools.gnu-tools-for-stm32.13.3.rel1.win32_1.0.0.202411081344/tools/bin/../lib/gcc/arm-none-eabi/13.3.1/../../../../arm-none-eabi/lib/thumb/v7e-m+fp/hard\libc_nano.a(libc_a-findfp.o) (__sread)
C:/ST/STM32CubeIDE_1.19.0/STM32CubeIDE/plugins/com.st.stm32cube.ide.mcu.externaltools.gnu-tools-for-stm32.13.3.rel1.win32_1.0.0.202411081344/tools/bin/../lib/gcc/arm-none-eabi/13.3.1/../../../../arm-none-eabi/lib/thumb/v7e-m+fp/hard\libc_nano.a(libc_a-memset.o)
                              C:/ST/STM32CubeIDE_1.19.0/STM32CubeIDE/plugins/com.st.stm32cube.ide.mcu.externaltools.gnu-tools-for-stm32.13.3.rel1.win32_1.0.0.202411081344/tools/bin/../lib/gcc/arm-none-eabi/13.3.1/../../../../arm-none-eabi/lib/thumb/v7e-m+fp/hard/crt0.o (memset)
C:/ST/STM32CubeIDE_1.19.0/STM32CubeIDE/plugins/com.st.stm32cube.ide.mcu.externaltools.gnu-tools-for-stm32.13.3.rel1.win32_1.0.0.202411081344/tools/bin/../lib/gcc/arm-none-eabi/13.3.1/../../../../arm-none-eabi/lib/thumb/v7e-m+fp/hard\libc_nano.a(libc_a-closer.o)
                              C:/ST/STM32CubeIDE_1.19.0/STM32CubeIDE/plugins/com.st.stm32cube.ide.mcu.externaltools.gnu-tools-for-stm32.13.3.rel1.win32_1.0.0.202411081344/tools/bin/../lib/gcc/arm-none-eabi/13.3.1/../../../../arm-none-eabi/lib/thumb/v7e-m+fp/hard\libc_nano.a(libc_a-stdio.o) (_close_r)
C:/ST/STM32CubeIDE_1.19.0/STM32CubeIDE/plugins/com.st.stm32cube.ide.mcu.externaltools.gnu-tools-for-stm32.13.3.rel1.win32_1.0.0.202411081344/tools/bin/../lib/gcc/arm-none-eabi/13.3.1/../../../../arm-none-eabi/lib/thumb/v7e-m+fp/hard\libc_nano.a(libc_a-reent.o)
                              C:/ST/STM32CubeIDE_1.19.0/STM32CubeIDE/plugins/com.st.stm32cube.ide.mcu.externaltools.gnu-tools-for-stm32.13.3.rel1.win32_1.0.0.202411081344/tools/bin/../lib/gcc/arm-none-eabi/13.3.1/../../../../arm-none-eabi/lib/thumb/v7e-m+fp/hard\libc_nano.a(libc_a-closer.o) (errno)
C:/ST/STM32CubeIDE_1.19.0/STM32CubeIDE/plugins/com.st.stm32cube.ide.mcu.externaltools.gnu-tools-for-stm32.13.3.rel1.win32_1.0.0.202411081344/tools/bin/../lib/gcc/arm-none-eabi/13.3.1/../../../../arm-none-eabi/lib/thumb/v7e-m+fp/hard\libc_nano.a(libc_a-impure.o)
                              C:/ST/STM32CubeIDE_1.19.0/STM32CubeIDE/plugins/com.st.stm32cube.ide.mcu.externaltools.gnu-tools-for-stm32.13.3.rel1.win32_1.0.0.202411081344/tools/bin/../lib/gcc/arm-none-eabi/13.3.1/../../../../arm-none-eabi/lib/thumb/v7e-m+fp/hard\libc_nano.a(libc_a-reent.o) (_impure_ptr)
C:/ST/STM32CubeIDE_1.19.0/STM32CubeIDE/plugins/com.st.stm32cube.ide.mcu.externaltools.gnu-tools-for-stm32.13.3.rel1.win32_1.0.0.202411081344/tools/bin/../lib/gcc/arm-none-eabi/13.3.1/../../../../arm-none-eabi/lib/thumb/v7e-m+fp/hard\libc_nano.a(libc_a-lseekr.o)
[...]
Memory Configuration

Name             Origin             Length             Attributes
RAM              0x20000000         0x000a0000         xrw
SRAM2            0x10000000         0x00010000         xrw
SRAM3            0x20040000         0x00060000         xrw
FLASH            0x08000000         0x00200000         xr
*default*        0x00000000         0xffffffff

Linker script and memory map

LOAD C:/ST/STM32CubeIDE_1.19.0/STM32CubeIDE/plugins/com.st.stm32cube.ide.mcu.externaltools.gnu-tools-for-stm32.13.3.rel1.win32_1.0.0.202411081344/tools/bin/../lib/gcc/arm-none-eabi/13.3.1/thumb/v7e-m+fp/hard/crti.o
LOAD C:/ST/STM32CubeIDE_1.19.0/STM32CubeIDE/plugins/com.st.stm32cube.ide.mcu.externaltools.gnu-tools-for-stm32.13.3.rel1.win32_1.0.0.202411081344/tools/bin/../lib/gcc/arm-none-eabi/13.3.1/thumb/v7e-m+fp/hard/crtbegin.o
LOAD C:/ST/STM32CubeIDE_1.19.0/STM32CubeIDE/plugins/com.st.stm32cube.ide.mcu.externaltools.gnu-tools-for-stm32.13.3.rel1.win32_1.0.0.202411081344/tools/bin/../lib/gcc/arm-none-eabi/13.3.1/../../../../arm-none-eabi/lib/thumb/v7e-m+fp/hard/crt0.o
LOAD ./Core/Src/gpio.o
LOAD ./Core/Src/main.o
LOAD ./Core/Src/oled.o
LOAD ./Core/Src/spi.o
LOAD ./Core/Src/stm32l4xx_hal_msp.o
LOAD ./Core/Src/stm32l4xx_it.o
LOAD ./Core/Src/system_stm32l4xx.o
LOAD ./Core/Src/usart.o
LOAD ./Core/Startup/startup_stm32l4r5zitxp.o
LOAD ./Drivers/STM32L4xx_HAL_Driver/Src/stm32l4xx_hal.o
LOAD ./Drivers/STM32L4xx_HAL_Driver/Src/stm32l4xx_hal_cortex.o
LOAD ./Drivers/STM32L4xx_HAL_Driver/Src/stm32l4xx_hal_dma.o
LOAD ./Drivers/STM32L4xx_HAL_Driver/Src/stm32l4xx_hal_dma_ex.o
LOAD ./Drivers/STM32L4xx_HAL_Driver/Src/stm32l4xx_hal_exti.o
LOAD ./Drivers/STM32L4xx_HAL_Driver/Src/stm32l4xx_hal_flash.o
LOAD ./Drivers/STM32L4xx_HAL_Driver/Src/stm32l4xx_hal_flash_ex.o
LOAD ./Drivers/STM32L4xx_HAL_Driver/Src/stm32l4xx_hal_flash_ramfunc.o
LOAD ./Drivers/STM32L4xx_HAL_Driver/Src/stm32l4xx_hal_gpio.o
LOAD ./Drivers/STM32L4xx_HAL_Driver/Src/stm32l4xx_hal_i2c.o
LOAD ./Drivers/STM32L4xx_HAL_Driver/Src/stm32l4xx_hal_i2c_ex.o
LOAD ./Drivers/STM32L4xx_HAL_Driver/Src/stm32l4xx_hal_pwr.o
LOAD ./Drivers/STM32L4xx_HAL_Driver/Src/stm32l4xx_hal_pwr_ex.o
LOAD ./Drivers/STM32L4xx_HAL_Driver/Src/stm32l4xx_hal_rcc.o
LOAD ./Drivers/STM32L4xx_HAL_Driver/Src/stm32l4xx_hal_rcc_ex.o
LOAD ./Drivers/STM32L4xx_HAL_Driver/Src/stm32l4xx_hal_spi.o
LOAD ./Drivers/STM32L4xx_HAL_Driver/Src/stm32l4xx_hal_spi_ex.o
LOAD ./Drivers/STM32L4xx_HAL_Driver/Src/stm32l4xx_hal_uart.o
LOAD ./Drivers/STM32L4xx_HAL_Driver/Src/stm32l4xx_hal_uart_ex.o
START GROUP
LOAD C:/ST/STM32CubeIDE_1.19.0/STM32CubeIDE/plugins/com.st.stm32cube.ide.mcu.externaltools.gnu-tools-for-stm32.13.3.rel1.win32_1.0.0.202411081344/tools/bin/../lib/gcc/arm-none-eabi/13.3.1/../../../../arm-none-eabi/lib/thumb/v7e-m+fp/hard\libc_nano.a
LOAD C:/ST/STM32CubeIDE_1.19.0/STM32CubeIDE/plugins/com.st.stm32cube.ide.mcu.externaltools.gnu-tools-for-stm32.13.3.rel1.win32_1.0.0.202411081344/tools/bin/../lib/gcc/arm-none-eabi/13.3.1/../../../../arm-none-eabi/lib/thumb/v7e-m+fp/hard\libm.a
END GROUP
START GROUP
LOAD C:/ST/STM32CubeIDE_1.19.0/STM32CubeIDE/plugins/com.st.stm32cube.ide.mcu.externaltools.gnu-tools-for-stm32.13.3.rel1.win32_1.0.0.202411081344/tools/bin/../lib/gcc/arm-none-eabi/13.3.1/thumb/v7e-m+fp/hard\libgcc.a
LOAD C:/ST/STM32CubeIDE_1.19.0/STM32CubeIDE/plugins/com.st.stm32cube.ide.mcu.externaltools.gnu-tools-for-stm32.13.3.rel1.win32_1.0.0.202411081344/tools/bin/../lib/gcc/arm-none-eabi/13.3.1/../../../../arm-none-eabi/lib/thumb/v7e-m+fp/hard\libc_nano.a
END GROUP
START GROUP
LOAD C:/ST/STM32CubeIDE_1.19.0/STM32CubeIDE/plugins/com.st.stm32cube.ide.mcu.externaltools.gnu-tools-for-stm32.13.3.rel1.win32_1.0.0.202411081344/tools/bin/../lib/gcc/arm-none-eabi/13.3.1/thumb/v7e-m+fp/hard\libgcc.a
LOAD C:/ST/STM32CubeIDE_1.19.0/STM32CubeIDE/plugins/com.st.stm32cube.ide.mcu.externaltools.gnu-tools-for-stm32.13.3.rel1.win32_1.0.0.202411081344/tools/bin/../lib/gcc/arm-none-eabi/13.3.1/../../../../arm-none-eabi/lib/thumb/v7e-m+fp/hard\libc_nano.a
LOAD C:/ST/STM32CubeIDE_1.19.0/STM32CubeIDE/plugins/com.st.stm32cube.ide.mcu.externaltools.gnu-tools-for-stm32.13.3.rel1.win32_1.0.0.202411081344/tools/bin/../lib/gcc/arm-none-eabi/13.3.1/../../../../arm-none-eabi/lib/thumb/v7e-m+fp/hard\libnosys.a
END GROUP
START GROUP
LOAD C:/ST/STM32CubeIDE_1.19.0/STM32CubeIDE/plugins/com.st.stm32cube.ide.mcu.externaltools.gnu-tools-for-stm32.13.3.rel1.win32_1.0.0.202411081344/tools/bin/../lib/gcc/arm-none-eabi/13.3.1/thumb/v7e-m+fp/hard\libgcc.a
LOAD C:/ST/STM32CubeIDE_1.19.0/STM32CubeIDE/plugins/com.st.stm32cube.ide.mcu.externaltools.gnu-tools-for-stm32.13.3.rel1.win32_1.0.0.202411081344/tools/bin/../lib/gcc/arm-none-eabi/13.3.1/../../../../arm-none-eabi/lib/thumb/v7e-m+fp/hard\libc_nano.a
LOAD C:/ST/STM32CubeIDE_1.19.0/STM32CubeIDE/plugins/com.st.stm32cube.ide.mcu.externaltools.gnu-tools-for-stm32.13.3.rel1.win32_1.0.0.202411081344/tools/bin/../lib/gcc/arm-none-eabi/13.3.1/../../../../arm-none-eabi/lib/thumb/v7e-m+fp/hard\libnosys.a
END GROUP
LOAD C:/ST/STM32CubeIDE_1.19.0/STM32CubeIDE/plugins/com.st.stm32cube.ide.mcu.externaltools.gnu-tools-for-stm32.13.3.rel1.win32_1.0.0.202411081344/tools/bin/../lib/gcc/arm-none-eabi/13.3.1/thumb/v7e-m+fp/hard/crtend.o
LOAD C:/ST/STM32CubeIDE_1.19.0/STM32CubeIDE/plugins/com.st.stm32cube.ide.mcu.externaltools.gnu-tools-for-stm32.13.3.rel1.win32_1.0.0.202411081344/tools/bin/../lib/gcc/arm-none-eabi/13.3.1/thumb/v7e-m+fp/hard/crtn.o
                0x200a0000                        _estack = (ORIGIN (RAM) + LENGTH (RAM))
                0x00000200                        _Min_Heap_Size = 0x200
                0x00000400                        _Min_Stack_Size = 0x400

.isr_vector     0x08000000      0x1bc
                0x08000000                        . = ALIGN (0x4)
 *(.isr_vector)
 .isr_vector    0x08000000      0x1bc ./Core/Startup/startup_stm32l4r5zitxp.o
                0x08000000                g_pfnVectors
                0x080001bc                        . = ALIGN (0x4)

.text           0x080001bc     0x4824
                0x080001bc                        . = ALIGN (0x4)
 *(.text)
 .text          0x080001bc       0x40 C:/ST/STM32CubeIDE_1.19.0/STM32CubeIDE/plugins/com.st.stm32cube.ide.mcu.externaltools.gnu-tools-for-stm32.13.3.rel1.win32_1.0.0.202411081344/tools/bin/../lib/gcc/arm-none-eabi/13.3.1/thumb/v7e-m+fp/hard/crtbegin.o
 .text          0x080001fc       0x30 C:/ST/STM32CubeIDE_1.19.0/STM32CubeIDE/plugins/com.st.stm32cube.ide.mcu.externaltools.gnu-tools-for-stm32.13.3.rel1.win32_1.0.0.202411081344/tools/bin/../lib/gcc/arm-none-eabi/13.3.1/thumb/v7e-m+fp/hard\libgcc.a(_aeabi_uldivmod.o)
                0x080001fc                __aeabi_uldivmod
 .text          0x0800022c      0x2f8 C:/ST/STM32CubeIDE_1.19.0/STM32CubeIDE/plugins/com.st.stm32cube.ide.mcu.externaltools.gnu-tools-for-stm32.13.3.rel1.win32_1.0.0.202411081344/tools/bin/../lib/gcc/arm-none-eabi/13.3.1/thumb/v7e-m+fp/hard\libgcc.a(_udivmoddi4.o)
                0x0800022c                __udivmoddi4
 .text          0x08000524        0x4 C:/ST/STM32CubeIDE_1.19.0/STM32CubeIDE/plugins/com.st.stm32cube.ide.mcu.externaltools.gnu-tools-for-stm32.13.3.rel1.win32_1.0.0.202411081344/tools/bin/../lib/gcc/arm-none-eabi/13.3.1/thumb/v7e-m+fp/hard\libgcc.a(_dvmd_tls.o)
                0x08000524                __aeabi_idiv0
                0x08000524                __aeabi_ldiv0
 *(.text*)
 .text.MX_GPIO_Init
                0x08000528      0x464 ./Core/Src/gpio.o
                0x08000528                MX_GPIO_Init
 .text.main     0x0800098c       0x7c ./Core/Src/main.o
                0x0800098c                main
 .text.SystemClock_Config
                0x08000a08       0x8c ./Core/Src/main.o
                0x08000a08                SystemClock_Config
 .text.Error_Handler
                0x08000a94        0xc ./Core/Src/main.o
                0x08000a94                Error_Handler
 .text.oled_cs_low
                0x08000aa0       0x14 ./Core/Src/oled.o
 .text.oled_cs_high
                0x08000ab4       0x14 ./Core/Src/oled.o
 .text.oled_dc_cmd
                0x08000ac8       0x18 ./Core/Src/oled.o
 .text.oled_dc_data
                0x08000ae0       0x18 ./Core/Src/oled.o
 .text.oled_reset_low
                0x08000af8       0x18 ./Core/Src/oled.o
 .text.oled_reset_high
                0x08000b10       0x18 ./Core/Src/oled.o
 .text.oled_gpio_init
                0x08000b28       0xa0 ./Core/Src/oled.o
 .text.oled_send_cmd
                0x08000bc8       0x34 ./Core/Src/oled.o
 .text.oled_send_data
                0x08000bfc       0x34 ./Core/Src/oled.o
 .text.oled_set_window
                0x08000c30       0xb8 ./Core/Src/oled.o
 .text.OLED_Init
                0x08000ce8      0x1c8 ./Core/Src/oled.o
                0x08000ce8                OLED_Init
 .text.OLED_FillScreen
                0x08000eb0      0x134 ./Core/Src/oled.o
                0x08000eb0                OLED_FillScreen
 .text.oled_draw_pixel
                0x08000fe4       0x50 ./Core/Src/oled.o
 .text.OLED_DrawString
                0x08001034      0x154 ./Core/Src/oled.o
                0x08001034                OLED_DrawString
 .text.OLED_ShowState
                0x08001188       0xc0 ./Core/Src/oled.o
                0x08001188                OLED_ShowState
 .text.MX_SPI1_Init
                0x08001248       0x7c ./Core/Src/spi.o
                0x08001248                MX_SPI1_Init
 .text.HAL_SPI_MspInit
                0x080012c4       0x84 ./Core/Src/spi.o
                0x080012c4                HAL_SPI_MspInit
 .text.HAL_MspInit
                0x08001348       0x48 ./Core/Src/stm32l4xx_hal_msp.o
                0x08001348                HAL_MspInit
 .text.NMI_Handler
                0x08001390        0x8 ./Core/Src/stm32l4xx_it.o
                0x08001390                NMI_Handler
 .text.HardFault_Handler
                0x08001398        0x8 ./Core/Src/stm32l4xx_it.o
                0x08001398                HardFault_Handler
 .text.MemManage_Handler
                0x080013a0        0x8 ./Core/Src/stm32l4xx_it.o
                0x080013a0                MemManage_Handler
 .text.BusFault_Handler
                0x080013a8        0x8 ./Core/Src/stm32l4xx_it.o
                0x080013a8                BusFault_Handler
 .text.UsageFault_Handler
                0x080013b0        0x8 ./Core/Src/stm32l4xx_it.o
                0x080013b0                UsageFault_Handler
 .text.SVC_Handler
                0x080013b8        0xe ./Core/Src/stm32l4xx_it.o
                0x080013b8                SVC_Handler
 .text.DebugMon_Handler
                0x080013c6        0xe ./Core/Src/stm32l4xx_it.o
                0x080013c6                DebugMon_Handler
 .text.PendSV_Handler
                0x080013d4        0xe ./Core/Src/stm32l4xx_it.o
                0x080013d4                PendSV_Handler
 .text.SysTick_Handler
                0x080013e2        0xc ./Core/Src/stm32l4xx_it.o
                0x080013e2                SysTick_Handler
 *fill*         0x080013ee        0x2 
 .text.SystemInit
                0x080013f0       0x24 ./Core/Src/system_stm32l4xx.o
                0x080013f0                SystemInit
 .text.MX_LPUART1_UART_Init
                0x08001414       0x98 ./Core/Src/usart.o
                0x08001414                MX_LPUART1_UART_Init
 .text.HAL_UART_MspInit
                0x080014ac       0xc0 ./Core/Src/usart.o
                0x080014ac                HAL_UART_MspInit
 .text.Reset_Handler
                0x0800156c       0x50 ./Core/Startup/startup_stm32l4r5zitxp.o
                0x0800156c                Reset_Handler
 .text.Default_Handler
                0x080015bc        0x2 ./Core/Startup/startup_stm32l4r5zitxp.o
                0x080015bc                EXTI2_IRQHandler
                0x080015bc                TIM8_TRG_COM_IRQHandler
                0x080015bc                TIM8_CC_IRQHandler
                0x080015bc                DMA1_CH4_IRQHandler
                0x080015bc                TIM1_CC_IRQHandler
                0x080015bc                TSC_IRQHandler
                0x080015bc                LCD_TFT_ER_IRQHandler
                0x080015bc                TAMP_STAMP_IRQHandler
                0x080015bc                EXTI3_IRQHandler
                0x080015bc                LPTIM2_IRQHandler
                0x080015bc                DFSDM1_FLT1_IRQHandler
                0x080015bc                GFXMMU_IRQHandler
                0x080015bc                I2C3_ER_IRQHandler
                0x080015bc                DFSDM1_FLT2_IRQHandler
                0x080015bc                LCD_TFT_IRQHandler
                0x080015bc                TIM6_DACUNDER_IRQHandler
                0x080015bc                EXTI0_IRQHandler
                0x080015bc                I2C2_EV_IRQHandler
                0x080015bc                DMA2_CH1_IRQHandler
                0x080015bc                CAN1_RX0_IRQHandler
                0x080015bc                FPU_IRQHandler
                0x080015bc                TIM1_UP_TIM16_IRQHandler
                0x080015bc                DMA2_CH7_IRQHandler
                0x080015bc                SPI1_IRQHandler
                0x080015bc                OCTOSPI1_IRQHandler
                0x080015bc                DMA1_CH7_IRQHandler
                0x080015bc                DCMI_IRQHandler
                0x080015bc                TIM8_UP_IRQHandler
                0x080015bc                RTC_ALARM_IRQHandler
                0x080015bc                OCTOSPI2_IRQHandler
                0x080015bc                SAI2_IRQHandler
                0x080015bc                ADC1_IRQHandler
                0x080015bc                DFSDM1_FLT3_IRQHandler
                0x080015bc                DMA1_CH6_IRQHandler
                0x080015bc                USART3_IRQHandler
                0x080015bc                CAN1_RX1_IRQHandler
                0x080015bc                UART5_IRQHandler
                0x080015bc                ADC3_IRQHandler
                0x080015bc                TIM4_IRQHandler
                0x080015bc                I2C1_EV_IRQHandler
                0x080015bc                DMA2_CH5_IRQHandler
                0x080015bc                DMAMUX1_OVR_IRQHandler
                0x080015bc                UART4_IRQHandler
                0x080015bc                DMA1_CH3_IRQHandler
                0x080015bc                TIM3_IRQHandler
                0x080015bc                RCC_IRQHandler
                0x080015bc                Default_Handler
                0x080015bc                EXTI15_10_IRQHandler
                0x080015bc                TIM7_IRQHandler
                0x080015bc                SDMMC1_IRQHandler
                0x080015bc                TIM5_IRQHandler
                0x080015bc                I2C3_EV_IRQHandler
                0x080015bc                EXTI9_5_IRQHandler
                0x080015bc                DMA1_CH2_IRQHandler
                0x080015bc                RTC_WKUP_IRQHandler
                0x080015bc                RNG_HASH_IRQHandler
                0x080015bc                PVD_PVM_IRQHandler
                0x080015bc                SPI2_IRQHandler
                0x080015bc                DMA1_CH1_IRQHandler
                0x080015bc                CAN1_TX_IRQHandler
                0x080015bc                CRS_IRQHandler
                0x080015bc                EXTI4_IRQHandler
                0x080015bc                TIM1_TRG_COM_TIM17_IRQHandler
                0x080015bc                COMP_IRQHandler
                0x080015bc                WWDG_IRQHandler
                0x080015bc                I2C4_EV_IRQHandler
                0x080015bc                LPUART1_IRQHandler
                0x080015bc                TIM2_IRQHandler
                0x080015bc                DMA2D_IRQHandler
                0x080015bc                EXTI1_IRQHandler
                0x080015bc                AES_IRQHandler
                0x080015bc                USART2_IRQHandler
                0x080015bc                DFSDM1_FLT0_IRQHandler
                0x080015bc                I2C2_ER_IRQHandler
                0x080015bc                TIM8_BRK_IRQHandler
                0x080015bc                CAN1_SCE_IRQHandler
                0x080015bc                FLASH_IRQHandler
                0x080015bc                USART1_IRQHandler
                0x080015bc                OTG_FS_IRQHandler
                0x080015bc                SPI3_IRQHandler
                0x080015bc                DMA2_CH6_IRQHandler
                0x080015bc                DMA2_CH3_IRQHandler
                0x080015bc                DMA2_CH2_IRQHandler
                0x080015bc                I2C1_ER_IRQHandler
                0x080015bc                FMC_IRQHandler
                0x080015bc                DMA1_CH5_IRQHandler
                0x080015bc                DMA2_CH4_IRQHandler
                0x080015bc                LPTIM1_IRQHandler
                0x080015bc                I2C4_ER_IRQHandler
                0x080015bc                SAI1_IRQHandler
                0x080015bc                TIM1_BRK_TIM15_IRQHandler
 .text.HAL_Init
                0x080015be       0x30 ./Drivers/STM32L4xx_HAL_Driver/Src/stm32l4xx_hal.o
                0x080015be                HAL_Init
 *fill*         0x080015ee        0x2 
 .text.HAL_InitTick
                0x080015f0       0x78 ./Drivers/STM32L4xx_HAL_Driver/Src/stm32l4xx_hal.o
                0x080015f0                HAL_InitTick
 .text.HAL_IncTick
                0x08001668       0x28 ./Drivers/STM32L4xx_HAL_Driver/Src/stm32l4xx_hal.o
                0x08001668                HAL_IncTick
 .text.HAL_GetTick
                0x08001690       0x18 ./Drivers/STM32L4xx_HAL_Driver/Src/stm32l4xx_hal.o
                0x08001690                HAL_GetTick
 .text.HAL_Delay
                0x080016a8       0x48 ./Drivers/STM32L4xx_HAL_Driver/Src/stm32l4xx_hal.o
                0x080016a8                HAL_Delay
 .text.__NVIC_SetPriorityGrouping
                0x080016f0       0x48 ./Drivers/STM32L4xx_HAL_Driver/Src/stm32l4xx_hal_cortex.o
 .text.__NVIC_GetPriorityGrouping
                0x08001738       0x1c ./Drivers/STM32L4xx_HAL_Driver/Src/stm32l4xx_hal_cortex.o
 .text.__NVIC_SetPriority
                0x08001754       0x54 ./Drivers/STM32L4xx_HAL_Driver/Src/stm32l4xx_hal_cortex.o
 .text.NVIC_EncodePriority
                0x080017a8       0x66 ./Drivers/STM32L4xx_HAL_Driver/Src/stm32l4xx_hal_cortex.o
 *fill*         0x0800180e        0x2 
 .text.SysTick_Config
                0x08001810       0x44 ./Drivers/STM32L4xx_HAL_Driver/Src/stm32l4xx_hal_cortex.o
 .text.HAL_NVIC_SetPriorityGrouping
                0x08001854       0x16 ./Drivers/STM32L4xx_HAL_Driver/Src/stm32l4xx_hal_cortex.o
                0x08001854                HAL_NVIC_SetPriorityGrouping
 .text.HAL_NVIC_SetPriority
                0x0800186a       0x38 ./Drivers/STM32L4xx_HAL_Driver/Src/stm32l4xx_hal_cortex.o
                0x0800186a                HAL_NVIC_SetPriority
 .text.HAL_SYSTICK_Config
                0x080018a2       0x18 ./Drivers/STM32L4xx_HAL_Driver/Src/stm32l4xx_hal_cortex.o
                0x080018a2                HAL_SYSTICK_Config
 *fill*         0x080018ba        0x2 
 .text.HAL_GPIO_Init
                0x080018bc      0x324 ./Drivers/STM32L4xx_HAL_Driver/Src/stm32l4xx_hal_gpio.o
                0x080018bc                HAL_GPIO_Init
 .text.HAL_GPIO_WritePin
                0x08001be0       0x30 ./Drivers/STM32L4xx_HAL_Driver/Src/stm32l4xx_hal_gpio.o
                0x08001be0                HAL_GPIO_WritePin
 .text.HAL_PWREx_GetVoltageRange
                0x08001c10       0x40 ./Drivers/STM32L4xx_HAL_Driver/Src/stm32l4xx_hal_pwr_ex.o
                0x08001c10                HAL_PWREx_GetVoltageRange
 .text.HAL_PWREx_ControlVoltageScaling
                0x08001c50      0x148 ./Drivers/STM32L4xx_HAL_Driver/Src/stm32l4xx_hal_pwr_ex.o
                0x08001c50                HAL_PWREx_ControlVoltageScaling
 .text.HAL_PWREx_EnableVddIO2
                0x08001d98       0x20 ./Drivers/STM32L4xx_HAL_Driver/Src/stm32l4xx_hal_pwr_ex.o
                0x08001d98                HAL_PWREx_EnableVddIO2
 .text.HAL_RCC_OscConfig
                0x08001db8      0x834 ./Drivers/STM32L4xx_HAL_Driver/Src/stm32l4xx_hal_rcc.o
                0x08001db8                HAL_RCC_OscConfig
 .text.HAL_RCC_ClockConfig
                0x080025ec      0x274 ./Drivers/STM32L4xx_HAL_Driver/Src/stm32l4xx_hal_rcc.o
                0x080025ec                HAL_RCC_ClockConfig
 .text.HAL_RCC_GetSysClockFreq
                0x08002860      0x118 ./Drivers/STM32L4xx_HAL_Driver/Src/stm32l4xx_hal_rcc.o
                0x08002860                HAL_RCC_GetSysClockFreq
 .text.HAL_RCC_GetHCLKFreq
                0x08002978       0x18 ./Drivers/STM32L4xx_HAL_Driver/Src/stm32l4xx_hal_rcc.o
                0x08002978                HAL_RCC_GetHCLKFreq
 .text.HAL_RCC_GetPCLK1Freq
                0x08002990       0x2c ./Drivers/STM32L4xx_HAL_Driver/Src/stm32l4xx_hal_rcc.o
                0x08002990                HAL_RCC_GetPCLK1Freq
 .text.HAL_RCC_GetPCLK2Freq
                0x080029bc       0x2c ./Drivers/STM32L4xx_HAL_Driver/Src/stm32l4xx_hal_rcc.o
                0x080029bc                HAL_RCC_GetPCLK2Freq
 .text.RCC_SetFlashLatencyFromMSIRange
                0x080029e8       0xb4 ./Drivers/STM32L4xx_HAL_Driver/Src/stm32l4xx_hal_rcc.o
 .text.RCC_GetSysClockFreqFromPLLSource
                0x08002a9c       0xcc ./Drivers/STM32L4xx_HAL_Driver/Src/stm32l4xx_hal_rcc.o
 .text.HAL_RCCEx_PeriphCLKConfig
                0x08002b68      0x660 ./Drivers/STM32L4xx_HAL_Driver/Src/stm32l4xx_hal_rcc_ex.o
                0x08002b68                HAL_RCCEx_PeriphCLKConfig
 .text.RCCEx_PLLSAI1_Config
                0x080031c8      0x1e8 ./Drivers/STM32L4xx_HAL_Driver/Src/stm32l4xx_hal_rcc_ex.o
 .text.RCCEx_PLLSAI2_Config
                0x080033b0      0x1e8 ./Drivers/STM32L4xx_HAL_Driver/Src/stm32l4xx_hal_rcc_ex.o
 .text.HAL_SPI_Init
                0x08003598      0x146 ./Drivers/STM32L4xx_HAL_Driver/Src/stm32l4xx_hal_spi.o
                0x08003598                HAL_SPI_Init
 .text.HAL_SPI_Transmit
                0x080036de      0x2ec ./Drivers/STM32L4xx_HAL_Driver/Src/stm32l4xx_hal_spi.o
                0x080036de                HAL_SPI_Transmit
 *fill*         0x080039ca        0x2 
 .text.SPI_WaitFlagStateUntilTimeout
                0x080039cc      0x110 ./Drivers/STM32L4xx_HAL_Driver/Src/stm32l4xx_hal_spi.o
 .text.SPI_WaitFifoStateUntilTimeout
                0x08003adc      0x12c ./Drivers/STM32L4xx_HAL_Driver/Src/stm32l4xx_hal_spi.o
 .text.SPI_EndRxTxTransaction
                0x08003c08       0x8c ./Drivers/STM32L4xx_HAL_Driver/Src/stm32l4xx_hal_spi.o
 .text.HAL_UART_Init
                0x08003c94       0xa0 ./Drivers/STM32L4xx_HAL_Driver/Src/stm32l4xx_hal_uart.o
                0x08003c94                HAL_UART_Init
 .text.UART_SetConfig
                0x08003d34      0x5f8 ./Drivers/STM32L4xx_HAL_Driver/Src/stm32l4xx_hal_uart.o
                0x08003d34                UART_SetConfig
 .text.UART_AdvFeatureConfig
                0x0800432c      0x144 ./Drivers/STM32L4xx_HAL_Driver/Src/stm32l4xx_hal_uart.o
                0x0800432c                UART_AdvFeatureConfig
 .text.UART_CheckIdleState
                0x08004470      0x154 ./Drivers/STM32L4xx_HAL_Driver/Src/stm32l4xx_hal_uart.o
                0x08004470                UART_CheckIdleState
 .text.UART_WaitOnFlagUntilTimeout
                0x080045c4       0xda ./Drivers/STM32L4xx_HAL_Driver/Src/stm32l4xx_hal_uart.o
                0x080045c4                UART_WaitOnFlagUntilTimeout
 .text.UART_EndRxTransfer
                0x0800469e       0xcc ./Drivers/STM32L4xx_HAL_Driver/Src/stm32l4xx_hal_uart.o
 .text.HAL_UARTEx_DisableFifoMode
                0x0800476a       0x72 ./Drivers/STM32L4xx_HAL_Driver/Src/stm32l4xx_hal_uart_ex.o
                0x0800476a                HAL_UARTEx_DisableFifoMode
 .text.HAL_UARTEx_SetTxFifoThreshold
                0x080047dc       0x7c ./Drivers/STM32L4xx_HAL_Driver/Src/stm32l4xx_hal_uart_ex.o
                0x080047dc                HAL_UARTEx_SetTxFifoThreshold
 .text.HAL_UARTEx_SetRxFifoThreshold
                0x08004858       0x7c ./Drivers/STM32L4xx_HAL_Driver/Src/stm32l4xx_hal_uart_ex.o
                0x08004858                HAL_UARTEx_SetRxFifoThreshold
 .text.UARTEx_SetNbDataToProcess
                0x080048d4       0x9c ./Drivers/STM32L4xx_HAL_Driver/Src/stm32l4xx_hal_uart_ex.o
 .text.memset   0x08004970       0x10 C:/ST/STM32CubeIDE_1.19.0/STM32CubeIDE/plugins/com.st.stm32cube.ide.mcu.externaltools.gnu-tools-for-stm32.13.3.rel1.win32_1.0.0.202411081344/tools/bin/../lib/gcc/arm-none-eabi/13.3.1/../../../../arm-none-eabi/lib/thumb/v7e-m+fp/hard\libc_nano.a(libc_a-memset.o)
                0x08004970                memset
 .text.__libc_init_array
                0x08004980       0x48 C:/ST/STM32CubeIDE_1.19.0/STM32CubeIDE/plugins/com.st.stm32cube.ide.mcu.externaltools.gnu-tools-for-stm32.13.3.rel1.win32_1.0.0.202411081344/tools/bin/../lib/gcc/arm-none-eabi/13.3.1/../../../../arm-none-eabi/lib/thumb/v7e-m+fp/hard\libc_nano.a(libc_a-init.o)
                0x08004980                __libc_init_array
 *(.glue_7)
 .glue_7        0x080049c8        0x0 linker stubs
 *(.glue_7t)
 .glue_7t       0x080049c8        0x0 linker stubs
 *(.eh_frame)
 .eh_frame      0x080049c8        0x0 C:/ST/STM32CubeIDE_1.19.0/STM32CubeIDE/plugins/com.st.stm32cube.ide.mcu.externaltools.gnu-tools-for-stm32.13.3.rel1.win32_1.0.0.202411081344/tools/bin/../lib/gcc/arm-none-eabi/13.3.1/thumb/v7e-m+fp/hard/crtbegin.o
 *(.init)
 .init          0x080049c8        0x4 C:/ST/STM32CubeIDE_1.19.0/STM32CubeIDE/plugins/com.st.stm32cube.ide.mcu.externaltools.gnu-tools-for-stm32.13.3.rel1.win32_1.0.0.202411081344/tools/bin/../lib/gcc/arm-none-eabi/13.3.1/thumb/v7e-m+fp/hard/crti.o
                0x080049c8                _init
 .init          0x080049cc        0x8 C:/ST/STM32CubeIDE_1.19.0/STM32CubeIDE/plugins/com.st.stm32cube.ide.mcu.externaltools.gnu-tools-for-stm32.13.3.rel1.win32_1.0.0.202411081344/tools/bin/../lib/gcc/arm-none-eabi/13.3.1/thumb/v7e-m+fp/hard/crtn.o
 *(.fini)
 .fini          0x080049d4        0x4 C:/ST/STM32CubeIDE_1.19.0/STM32CubeIDE/plugins/com.st.stm32cube.ide.mcu.externaltools.gnu-tools-for-stm32.13.3.rel1.win32_1.0.0.202411081344/tools/bin/../lib/gcc/arm-none-eabi/13.3.1/thumb/v7e-m+fp/hard/crti.o
                0x080049d4                _fini
 .fini          0x080049d8        0x8 C:/ST/STM32CubeIDE_1.19.0/STM32CubeIDE/plugins/com.st.stm32cube.ide.mcu.externaltools.gnu-tools-for-stm32.13.3.rel1.win32_1.0.0.202411081344/tools/bin/../lib/gcc/arm-none-eabi/13.3.1/thumb/v7e-m+fp/hard/crtn.o
                0x080049e0                        . = ALIGN (0x4)
                0x080049e0                        _etext = .

.vfp11_veneer   0x080049e0        0x0
 .vfp11_veneer  0x080049e0        0x0 linker stubs

.v4_bx          0x080049e0        0x0
 .v4_bx         0x080049e0        0x0 linker stubs

.iplt           0x080049e0        0x0
 .iplt          0x080049e0        0x0 C:/ST/STM32CubeIDE_1.19.0/STM32CubeIDE/plugins/com.st.stm32cube.ide.mcu.externaltools.gnu-tools-for-stm32.13.3.rel1.win32_1.0.0.202411081344/tools/bin/../lib/gcc/arm-none-eabi/13.3.1/thumb/v7e-m+fp/hard/crtbegin.o

.rodata         0x080049e0      0x2b0
                0x080049e0                        . = ALIGN (0x4)
 *(.rodata)
 .rodata        0x080049e0       0x63 ./Core/Src/oled.o
 *(.rodata*)
 *fill*         0x08004a43        0x1 
 .rodata.font5x7
                0x08004a44      0x1db ./Core/Src/oled.o
 *fill*         0x08004c1f        0x1 
 .rodata.AHBPrescTable
                0x08004c20       0x10 ./Core/Src/system_stm32l4xx.o
                0x08004c20                AHBPrescTable
 .rodata.APBPrescTable
                0x08004c30        0x8 ./Core/Src/system_stm32l4xx.o
                0x08004c30                APBPrescTable
 .rodata.MSIRangeTable
                0x08004c38       0x30 ./Core/Src/system_stm32l4xx.o
                0x08004c38                MSIRangeTable
 .rodata.UARTPrescTable
                0x08004c68       0x18 ./Drivers/STM32L4xx_HAL_Driver/Src/stm32l4xx_hal_uart.o
                0x08004c68                UARTPrescTable
 .rodata.numerator.1
                0x08004c80        0x8 ./Drivers/STM32L4xx_HAL_Driver/Src/stm32l4xx_hal_uart_ex.o
 .rodata.denominator.0
                0x08004c88        0x8 ./Drivers/STM32L4xx_HAL_Driver/Src/stm32l4xx_hal_uart_ex.o
                0x08004c90                        . = ALIGN (0x4)

.ARM.extab      0x08004c90        0x0
                0x08004c90                        . = ALIGN (0x4)
 *(.ARM.extab* .gnu.linkonce.armextab.*)
                0x08004c90                        . = ALIGN (0x4)

.ARM            0x08004c90        0x8
                0x08004c90                        . = ALIGN (0x4)
                0x08004c90                        __exidx_start = .
 *(.ARM.exidx*)
 .ARM.exidx     0x08004c90        0x8 C:/ST/STM32CubeIDE_1.19.0/STM32CubeIDE/plugins/com.st.stm32cube.ide.mcu.externaltools.gnu-tools-for-stm32.13.3.rel1.win32_1.0.0.202411081344/tools/bin/../lib/gcc/arm-none-eabi/13.3.1/thumb/v7e-m+fp/hard\libgcc.a(_udivmoddi4.o)
                0x08004c98                        __exidx_end = .
                0x08004c98                        . = ALIGN (0x4)

.preinit_array  0x08004c98        0x0
                0x08004c98                        . = ALIGN (0x4)
                0x08004c98                        PROVIDE (__preinit_array_start = .)
 *(.preinit_array*)
                0x08004c98                        PROVIDE (__preinit_array_end = .)
                0x08004c98                        . = ALIGN (0x4)

.init_array     0x08004c98        0x4
                0x08004c98                        . = ALIGN (0x4)
                0x08004c98                        PROVIDE (__init_array_start = .)
 *(SORT_BY_NAME(.init_array.*))
 *(.init_array*)
 .init_array    0x08004c98        0x4 C:/ST/STM32CubeIDE_1.19.0/STM32CubeIDE/plugins/com.st.stm32cube.ide.mcu.externaltools.gnu-tools-for-stm32.13.3.rel1.win32_1.0.0.202411081344/tools/bin/../lib/gcc/arm-none-eabi/13.3.1/thumb/v7e-m+fp/hard/crtbegin.o
                0x08004c9c                        PROVIDE (__init_array_end = .)
                0x08004c9c                        . = ALIGN (0x4)

.fini_array     0x08004c9c        0x4
                0x08004c9c                        . = ALIGN (0x4)
                [!provide]                        PROVIDE (__fini_array_start = .)
 *(SORT_BY_NAME(.fini_array.*))
 *(.fini_array*)
 .fini_array    0x08004c9c        0x4 C:/ST/STM32CubeIDE_1.19.0/STM32CubeIDE/plugins/com.st.stm32cube.ide.mcu.externaltools.gnu-tools-for-stm32.13.3.rel1.win32_1.0.0.202411081344/tools/bin/../lib/gcc/arm-none-eabi/13.3.1/thumb/v7e-m+fp/hard/crtbegin.o
                [!provide]                        PROVIDE (__fini_array_end = .)
                0x08004ca0                        . = ALIGN (0x4)
                0x08004ca0                        _sidata = LOADADDR (.data)

.rel.dyn        0x08004ca0        0x0
 .rel.iplt      0x08004ca0        0x0 C:/ST/STM32CubeIDE_1.19.0/STM32CubeIDE/plugins/com.st.stm32cube.ide.mcu.externaltools.gnu-tools-for-stm32.13.3.rel1.win32_1.0.0.202411081344/tools/bin/../lib/gcc/arm-none-eabi/13.3.1/thumb/v7e-m+fp/hard/crtbegin.o

.data           0x20000000       0x10 load address 0x08004ca0
                0x20000000                        . = ALIGN (0x4)
                0x20000000                        _sdata = .
 *(.data)
 *(.data*)
 .data.currentState
                0x20000000        0x1 ./Core/Src/main.o
 *fill*         0x20000001        0x3 
 .data.SystemCoreClock
                0x20000004        0x4 ./Core/Src/system_stm32l4xx.o
                0x20000004                SystemCoreClock
 .data.uwTickPrio
                0x20000008        0x4 ./Drivers/STM32L4xx_HAL_Driver/Src/stm32l4xx_hal.o
                0x20000008                uwTickPrio
 .data.uwTickFreq
                0x2000000c        0x1 ./Drivers/STM32L4xx_HAL_Driver/Src/stm32l4xx_hal.o
                0x2000000c                uwTickFreq
 *(.RamFunc)
 *(.RamFunc*)
                0x20000010                        . = ALIGN (0x4)
 *fill*         0x2000000d        0x3 
                0x20000010                        _edata = .
                0x08004cb0                        _sisram2 = LOADADDR (.sram2)

.igot.plt       0x20000010        0x0 load address 0x08004cb0
 .igot.plt      0x20000010        0x0 C:/ST/STM32CubeIDE_1.19.0/STM32CubeIDE/plugins/com.st.stm32cube.ide.mcu.externaltools.gnu-tools-for-stm32.13.3.rel1.win32_1.0.0.202411081344/tools/bin/../lib/gcc/arm-none-eabi/13.3.1/thumb/v7e-m+fp/hard/crtbegin.o

.sram2          0x10000000        0x0 load address 0x08004cb0
                0x10000000                        . = ALIGN (0x4)
                0x10000000                        _ssram2 = .
 *(.sram2)
 *(.sram2*)
                0x10000000                        . = ALIGN (0x4)
                0x10000000                        _esram2 = .
                0x10000000                        . = ALIGN (0x4)

.bss            0x20000010      0x120
                0x20000010                        _sbss = .
                0x20000010                        __bss_start__ = _sbss
 *(.bss)
 .bss           0x20000010       0x1c C:/ST/STM32CubeIDE_1.19.0/STM32CubeIDE/plugins/com.st.stm32cube.ide.mcu.externaltools.gnu-tools-for-stm32.13.3.rel1.win32_1.0.0.202411081344/tools/bin/../lib/gcc/arm-none-eabi/13.3.1/thumb/v7e-m+fp/hard/crtbegin.o
 *(.bss*)
 .bss.lastStateChange
                0x2000002c        0x4 ./Core/Src/main.o
 .bss.oled_hspi
                0x20000030        0x4 ./Core/Src/oled.o
 .bss.hspi1     0x20000034       0x64 ./Core/Src/spi.o
                0x20000034                hspi1
 .bss.hlpuart1  0x20000098       0x94 ./Core/Src/usart.o
                0x20000098                hlpuart1
 .bss.uwTick    0x2000012c        0x4 ./Drivers/STM32L4xx_HAL_Driver/Src/stm32l4xx_hal.o
                0x2000012c                uwTick
 *(COMMON)
                0x20000130                        . = ALIGN (0x4)
                0x20000130                        _ebss = .
                0x20000130                        __bss_end__ = _ebss

._user_heap_stack
                0x20000130      0x600
                0x20000130                        . = ALIGN (0x8)
                0x20000130                        PROVIDE (end = .)
                [!provide]                        PROVIDE (_end = .)
                0x20000330                        . = (. + _Min_Heap_Size)
 *fill*         0x20000130      0x200 
                0x20000730                        . = (. + _Min_Stack_Size)
 *fill*         0x20000330      0x400 
                0x20000730                        . = ALIGN (0x8)

/DISCARD/
 libc.a(*)
 libm.a(*)
 libgcc.a(*)

.ARM.attributes
                0x00000000       0x30
 *(.ARM.attributes)
 .ARM.attributes
                0x00000000       0x22 C:/ST/STM32CubeIDE_1.19.0/STM32CubeIDE/plugins/com.st.stm32cube.ide.mcu.externaltools.gnu-tools-for-stm32.13.3.rel1.win32_1.0.0.202411081344/tools/bin/../lib/gcc/arm-none-eabi/13.3.1/thumb/v7e-m+fp/hard/crti.o
 .ARM.attributes
                0x00000022       0x34 C:/ST/STM32CubeIDE_1.19.0/STM32CubeIDE/plugins/com.st.stm32cube.ide.mcu.externaltools.gnu-tools-for-stm32.13.3.rel1.win32_1.0.0.202411081344/tools/bin/../lib/gcc/arm-none-eabi/13.3.1/thumb/v7e-m+fp/hard/crtbegin.o
 .ARM.attributes
                0x00000056       0x34 ./Core/Src/gpio.o
 .ARM.attributes
                0x0000008a       0x34 ./Core/Src/main.o
 .ARM.attributes
                0x000000be       0x34 ./Core/Src/oled.o
 .ARM.attributes
                0x000000f2       0x34 ./Core/Src/spi.o
 .ARM.attributes
                0x00000126       0x34 ./Core/Src/stm32l4xx_hal_msp.o
 .ARM.attributes
                0x0000015a       0x34 ./Core/Src/stm32l4xx_it.o
 .ARM.attributes
                0x0000018e       0x34 ./Core/Src/system_stm32l4xx.o
 .ARM.attributes
                0x000001c2       0x34 ./Core/Src/usart.o
 .ARM.attributes
                0x000001f6       0x21 ./Core/Startup/startup_stm32l4r5zitxp.o
 .ARM.attributes
                0x00000217       0x34 ./Drivers/STM32L4xx_HAL_Driver/Src/stm32l4xx_hal.o
 .ARM.attributes
                0x0000024b       0x34 ./Drivers/STM32L4xx_HAL_Driver/Src/stm32l4xx_hal_cortex.o
 .ARM.attributes
                0x0000027f       0x34 ./Drivers/STM32L4xx_HAL_Driver/Src/stm32l4xx_hal_gpio.o
 .ARM.attributes
                0x000002b3       0x34 ./Drivers/STM32L4xx_HAL_Driver/Src/stm32l4xx_hal_pwr_ex.o
 .ARM.attributes
                0x000002e7       0x34 ./Drivers/STM32L4xx_HAL_Driver/Src/stm32l4xx_hal_rcc.o
 .ARM.attributes
                0x0000031b       0x34 ./Drivers/STM32L4xx_HAL_Driver/Src/stm32l4xx_hal_rcc_ex.o
 .ARM.attributes
                0x0000034f       0x34 ./Drivers/STM32L4xx_HAL_Driver/Src/stm32l4xx_hal_spi.o
 .ARM.attributes
                0x00000383       0x34 ./Drivers/STM32L4xx_HAL_Driver/Src/stm32l4xx_hal_uart.o
 .ARM.attributes
                0x000003b7       0x34 ./Drivers/STM32L4xx_HAL_Driver/Src/stm32l4xx_hal_uart_ex.o
 .ARM.attributes
                0x000003eb       0x34 C:/ST/STM32CubeIDE_1.19.0/STM32CubeIDE/plugins/com.st.stm32cube.ide.mcu.externaltools.gnu-tools-for-stm32.13.3.rel1.win32_1.0.0.202411081344/tools/bin/../lib/gcc/arm-none-eabi/13.3.1/../../../../arm-none-eabi/lib/thumb/v7e-m+fp/hard\libc_nano.a(libc_a-memset.o)
 .ARM.attributes
                0x0000041f       0x34 C:/ST/STM32CubeIDE_1.19.0/STM32CubeIDE/plugins/com.st.stm32cube.ide.mcu.externaltools.gnu-tools-for-stm32.13.3.rel1.win32_1.0.0.202411081344/tools/bin/../lib/gcc/arm-none-eabi/13.3.1/../../../../arm-none-eabi/lib/thumb/v7e-m+fp/hard\libc_nano.a(libc_a-init.o)
 .ARM.attributes
                0x00000453       0x22 C:/ST/STM32CubeIDE_1.19.0/STM32CubeIDE/plugins/com.st.stm32cube.ide.mcu.externaltools.gnu-tools-for-stm32.13.3.rel1.win32_1.0.0.202411081344/tools/bin/../lib/gcc/arm-none-eabi/13.3.1/thumb/v7e-m+fp/hard\libgcc.a(_aeabi_uldivmod.o)
 .ARM.attributes
                0x00000475       0x34 C:/ST/STM32CubeIDE_1.19.0/STM32CubeIDE/plugins/com.st.stm32cube.ide.mcu.externaltools.gnu-tools-for-stm32.13.3.rel1.win32_1.0.0.202411081344/tools/bin/../lib/gcc/arm-none-eabi/13.3.1/thumb/v7e-m+fp/hard\libgcc.a(_udivmoddi4.o)
 .ARM.attributes
                0x000004a9       0x22 C:/ST/STM32CubeIDE_1.19.0/STM32CubeIDE/plugins/com.st.stm32cube.ide.mcu.externaltools.gnu-tools-for-stm32.13.3.rel1.win32_1.0.0.202411081344/tools/bin/../lib/gcc/arm-none-eabi/13.3.1/thumb/v7e-m+fp/hard\libgcc.a(_dvmd_tls.o)
 .ARM.attributes
                0x000004cb       0x22 C:/ST/STM32CubeIDE_1.19.0/STM32CubeIDE/plugins/com.st.stm32cube.ide.mcu.externaltools.gnu-tools-for-stm32.13.3.rel1.win32_1.0.0.202411081344/tools/bin/../lib/gcc/arm-none-eabi/13.3.1/thumb/v7e-m+fp/hard/crtn.o
OUTPUT(OLED_Driver.elf elf32-littlearm)
LOAD linker stubs
LOAD C:/ST/STM32CubeIDE_1.19.0/STM32CubeIDE/plugins/com.st.stm32cube.ide.mcu.externaltools.gnu-tools-for-stm32.13.3.rel1.win32_1.0.0.202411081344/tools/bin/../lib/gcc/arm-none-eabi/13.3.1/../../../../arm-none-eabi/lib/thumb/v7e-m+fp/hard\libc.a
LOAD C:/ST/STM32CubeIDE_1.19.0/STM32CubeIDE/plugins/com.st.stm32cube.ide.mcu.externaltools.gnu-tools-for-stm32.13.3.rel1.win32_1.0.0.202411081344/tools/bin/../lib/gcc/arm-none-eabi/13.3.1/../../../../arm-none-eabi/lib/thumb/v7e-m+fp/hard\libm.a
LOAD C:/ST/STM32CubeIDE_1.19.0/STM32CubeIDE/plugins/com.st.stm32cube.ide.mcu.externaltools.gnu-tools-for-stm32.13.3.rel1.win32_1.0.0.202411081344/tools/bin/../lib/gcc/arm-none-eabi/13.3.1/thumb/v7e-m+fp/hard\libgcc.a

.debug_info     0x00000000     0xfb77
 .debug_info    0x00000000      0x4e8 ./Core/Src/gpio.o
 .debug_info    0x000004e8      0x9df ./Core/Src/main.o
 .debug_info    0x00000ec7     0x1098 ./Core/Src/oled.o
 .debug_info    0x00001f5f      0xaf3 ./Core/Src/spi.o
 .debug_info    0x00002a52      0x2e9 ./Core/Src/stm32l4xx_hal_msp.o
 .debug_info    0x00002d3b      0x113 ./Core/Src/stm32l4xx_it.o
 .debug_info    0x00002e4e      0x5e9 ./Core/Src/system_stm32l4xx.o
 .debug_info    0x00003437      0xf1a ./Core/Src/usart.o
 .debug_info    0x00004351       0x30 ./Core/Startup/startup_stm32l4r5zitxp.o
 .debug_info    0x00004381      0xb49 ./Drivers/STM32L4xx_HAL_Driver/Src/stm32l4xx_hal.o
 .debug_info    0x00004eca      0xd99 ./Drivers/STM32L4xx_HAL_Driver/Src/stm32l4xx_hal_cortex.o
 .debug_info    0x00005c63      0x787 ./Drivers/STM32L4xx_HAL_Driver/Src/stm32l4xx_hal_gpio.o
 .debug_info    0x000063ea      0xa0a ./Drivers/STM32L4xx_HAL_Driver/Src/stm32l4xx_hal_pwr_ex.o
 .debug_info    0x00006df4      0xd32 ./Drivers/STM32L4xx_HAL_Driver/Src/stm32l4xx_hal_rcc.o
 .debug_info    0x00007b26     0x1167 ./Drivers/STM32L4xx_HAL_Driver/Src/stm32l4xx_hal_rcc_ex.o
 .debug_info    0x00008c8d     0x165d ./Drivers/STM32L4xx_HAL_Driver/Src/stm32l4xx_hal_spi.o
 .debug_info    0x0000a2ea     0x4875 ./Drivers/STM32L4xx_HAL_Driver/Src/stm32l4xx_hal_uart.o
 .debug_info    0x0000eb5f     0x1018 ./Drivers/STM32L4xx_HAL_Driver/Src/stm32l4xx_hal_uart_ex.o

.debug_abbrev   0x00000000     0x239a
 .debug_abbrev  0x00000000      0x147 ./Core/Src/gpio.o
 .debug_abbrev  0x00000147      0x233 ./Core/Src/main.o
 .debug_abbrev  0x0000037a      0x294 ./Core/Src/oled.o
 .debug_abbrev  0x0000060e      0x1f7 ./Core/Src/spi.o
 .debug_abbrev  0x00000805       0xc6 ./Core/Src/stm32l4xx_hal_msp.o
 .debug_abbrev  0x000008cb       0x73 ./Core/Src/stm32l4xx_it.o
 .debug_abbrev  0x0000093e      0x11a ./Core/Src/system_stm32l4xx.o
 .debug_abbrev  0x00000a58      0x220 ./Core/Src/usart.o
 .debug_abbrev  0x00000c78       0x24 ./Core/Startup/startup_stm32l4r5zitxp.o
 .debug_abbrev  0x00000c9c      0x242 ./Drivers/STM32L4xx_HAL_Driver/Src/stm32l4xx_hal.o
 .debug_abbrev  0x00000ede      0x31c ./Drivers/STM32L4xx_HAL_Driver/Src/stm32l4xx_hal_cortex.o
 .debug_abbrev  0x000011fa      0x1cb ./Drivers/STM32L4xx_HAL_Driver/Src/stm32l4xx_hal_gpio.o
 .debug_abbrev  0x000013c5      0x1f9 ./Drivers/STM32L4xx_HAL_Driver/Src/stm32l4xx_hal_pwr_ex.o
 .debug_abbrev  0x000015be      0x306 ./Drivers/STM32L4xx_HAL_Driver/Src/stm32l4xx_hal_rcc.o
 .debug_abbrev  0x000018c4      0x2a3 ./Drivers/STM32L4xx_HAL_Driver/Src/stm32l4xx_hal_rcc_ex.o
 .debug_abbrev  0x00001b67      0x25d ./Drivers/STM32L4xx_HAL_Driver/Src/stm32l4xx_hal_spi.o
 .debug_abbrev  0x00001dc4      0x304 ./Drivers/STM32L4xx_HAL_Driver/Src/stm32l4xx_hal_uart.o
 .debug_abbrev  0x000020c8      0x2d2 ./Drivers/STM32L4xx_HAL_Driver/Src/stm32l4xx_hal_uart_ex.o

.debug_aranges  0x00000000      0xca8
 .debug_aranges
                0x00000000       0x20 ./Core/Src/gpio.o
 .debug_aranges
                0x00000020       0x30 ./Core/Src/main.o
 .debug_aranges
                0x00000050       0x98 ./Core/Src/oled.o
 .debug_aranges
                0x000000e8       0x30 ./Core/Src/spi.o
 .debug_aranges
                0x00000118       0x20 ./Core/Src/stm32l4xx_hal_msp.o
 .debug_aranges
                0x00000138       0x60 ./Core/Src/stm32l4xx_it.o
 .debug_aranges
                0x00000198       0x28 ./Core/Src/system_stm32l4xx.o
 .debug_aranges
                0x000001c0       0x30 ./Core/Src/usart.o
 .debug_aranges
                0x000001f0       0x28 ./Core/Startup/startup_stm32l4r5zitxp.o
 .debug_aranges
                0x00000218      0x130 ./Drivers/STM32L4xx_HAL_Driver/Src/stm32l4xx_hal.o
 .debug_aranges
                0x00000348      0x128 ./Drivers/STM32L4xx_HAL_Driver/Src/stm32l4xx_hal_cortex.o
 .debug_aranges
                0x00000470       0x58 ./Drivers/STM32L4xx_HAL_Driver/Src/stm32l4xx_hal_gpio.o
 .debug_aranges
                0x000004c8      0x170 ./Drivers/STM32L4xx_HAL_Driver/Src/stm32l4xx_hal_pwr_ex.o
 .debug_aranges
                0x00000638       0x98 ./Drivers/STM32L4xx_HAL_Driver/Src/stm32l4xx_hal_rcc.o
 .debug_aranges
                0x000006d0      0x110 ./Drivers/STM32L4xx_HAL_Driver/Src/stm32l4xx_hal_rcc_ex.o
 .debug_aranges
                0x000007e0      0x1d8 ./Drivers/STM32L4xx_HAL_Driver/Src/stm32l4xx_hal_spi.o
 .debug_aranges
                0x000009b8      0x248 ./Drivers/STM32L4xx_HAL_Driver/Src/stm32l4xx_hal_uart.o
 .debug_aranges
                0x00000c00       0xa8 ./Drivers/STM32L4xx_HAL_Driver/Src/stm32l4xx_hal_uart_ex.o

.debug_rnglists
                0x00000000      0x9c7
 .debug_rnglists
                0x00000000       0x14 ./Core/Src/gpio.o
 .debug_rnglists
                0x00000014       0x20 ./Core/Src/main.o
 .debug_rnglists
                0x00000034       0x83 ./Core/Src/oled.o
 .debug_rnglists
                0x000000b7       0x20 ./Core/Src/spi.o
 .debug_rnglists
                0x000000d7       0x13 ./Core/Src/stm32l4xx_hal_msp.o
 .debug_rnglists
                0x000000ea       0x43 ./Core/Src/stm32l4xx_it.o
 .debug_rnglists
                0x0000012d       0x1a ./Core/Src/system_stm32l4xx.o
 .debug_rnglists
                0x00000147       0x21 ./Core/Src/usart.o
 .debug_rnglists
                0x00000168       0x19 ./Core/Startup/startup_stm32l4r5zitxp.o
 .debug_rnglists
                0x00000181       0xdf ./Drivers/STM32L4xx_HAL_Driver/Src/stm32l4xx_hal.o
 .debug_rnglists
                0x00000260       0xda ./Drivers/STM32L4xx_HAL_Driver/Src/stm32l4xx_hal_cortex.o
 .debug_rnglists
                0x0000033a       0x3f ./Drivers/STM32L4xx_HAL_Driver/Src/stm32l4xx_hal_gpio.o
 .debug_rnglists
                0x00000379      0x115 ./Drivers/STM32L4xx_HAL_Driver/Src/stm32l4xx_hal_pwr_ex.o
 .debug_rnglists
                0x0000048e       0x74 ./Drivers/STM32L4xx_HAL_Driver/Src/stm32l4xx_hal_rcc.o
 .debug_rnglists
                0x00000502       0xd4 ./Drivers/STM32L4xx_HAL_Driver/Src/stm32l4xx_hal_rcc_ex.o
 .debug_rnglists
                0x000005d6      0x178 ./Drivers/STM32L4xx_HAL_Driver/Src/stm32l4xx_hal_spi.o
 .debug_rnglists
                0x0000074e      0x1fa ./Drivers/STM32L4xx_HAL_Driver/Src/stm32l4xx_hal_uart.o
 .debug_rnglists
                0x00000948       0x7f ./Drivers/STM32L4xx_HAL_Driver/Src/stm32l4xx_hal_uart_ex.o

.debug_macro    0x00000000    0x29c29
 .debug_macro   0x00000000      0x1e3 ./Core/Src/gpio.o
 .debug_macro   0x000001e3      0xaf0 ./Core/Src/gpio.o
 .debug_macro   0x00000cd3      0x1a7 ./Core/Src/gpio.o
 .debug_macro   0x00000e7a       0x2e ./Core/Src/gpio.o
 .debug_macro   0x00000ea8       0x28 ./Core/Src/gpio.o
 .debug_macro   0x00000ed0       0x22 ./Core/Src/gpio.o
 .debug_macro   0x00000ef2       0x8e ./Core/Src/gpio.o
 .debug_macro   0x00000f80       0x51 ./Core/Src/gpio.o
 .debug_macro   0x00000fd1      0x103 ./Core/Src/gpio.o
 .debug_macro   0x000010d4       0x6a ./Core/Src/gpio.o
 .debug_macro   0x0000113e      0x1df ./Core/Src/gpio.o
 .debug_macro   0x0000131d       0x1c ./Core/Src/gpio.o
 .debug_macro   0x00001339       0x22 ./Core/Src/gpio.o
 .debug_macro   0x0000135b       0xfb ./Core/Src/gpio.o
 .debug_macro   0x00001456     0x1011 ./Core/Src/gpio.o
 .debug_macro   0x00002467      0x11f ./Core/Src/gpio.o
 .debug_macro   0x00002586    0x1cb71 ./Core/Src/gpio.o
 .debug_macro   0x0001f0f7       0x6d ./Core/Src/gpio.o
 .debug_macro   0x0001f164     0x3902 ./Core/Src/gpio.o
 .debug_macro   0x00022a66      0x190 ./Core/Src/gpio.o
 .debug_macro   0x00022bf6       0x5c ./Core/Src/gpio.o
 .debug_macro   0x00022c52     0x1884 ./Core/Src/gpio.o
 .debug_macro   0x000244d6      0x7dc ./Core/Src/gpio.o
 .debug_macro   0x00024cb2      0x1b9 ./Core/Src/gpio.o
 .debug_macro   0x00024e6b      0x225 ./Core/Src/gpio.o
 .debug_macro   0x00025090      0x486 ./Core/Src/gpio.o
 .debug_macro   0x00025516      0x1ce ./Core/Src/gpio.o
 .debug_macro   0x000256e4       0x43 ./Core/Src/gpio.o
 .debug_macro   0x00025727      0x23d ./Core/Src/gpio.o
 .debug_macro   0x00025964      0x241 ./Core/Src/gpio.o
 .debug_macro   0x00025ba5      0x416 ./Core/Src/gpio.o
 .debug_macro   0x00025fbb       0x1c ./Core/Src/gpio.o
 .debug_macro   0x00025fd7       0xf2 ./Core/Src/gpio.o
 .debug_macro   0x000260c9      0x122 ./Core/Src/gpio.o
 .debug_macro   0x000261eb      0x3f6 ./Core/Src/gpio.o
 .debug_macro   0x000265e1      0x2fe ./Core/Src/gpio.o
 .debug_macro   0x000268df      0x693 ./Core/Src/gpio.o
 .debug_macro   0x00026f72       0xa6 ./Core/Src/gpio.o
 .debug_macro   0x00027018      0x432 ./Core/Src/gpio.o
 .debug_macro   0x0002744a      0x20e ./Core/Src/main.o
 .debug_macro   0x00027658       0x2e ./Core/Src/main.o
 .debug_macro   0x00027686      0x2cc ./Core/Src/oled.o
 .debug_macro   0x00027952       0x61 ./Core/Src/oled.o
 .debug_macro   0x000279b3       0x2a ./Core/Src/oled.o
 .debug_macro   0x000279dd       0x43 ./Core/Src/oled.o
 .debug_macro   0x00027a20       0x34 ./Core/Src/oled.o
 .debug_macro   0x00027a54      0x370 ./Core/Src/oled.o
 .debug_macro   0x00027dc4       0x16 ./Core/Src/oled.o
 .debug_macro   0x00027dda       0x4a ./Core/Src/oled.o
 .debug_macro   0x00027e24       0x34 ./Core/Src/oled.o
 .debug_macro   0x00027e58       0x10 ./Core/Src/oled.o
 .debug_macro   0x00027e68       0x58 ./Core/Src/oled.o
 .debug_macro   0x00027ec0       0x8e ./Core/Src/oled.o
 .debug_macro   0x00027f4e       0x1c ./Core/Src/oled.o
 .debug_macro   0x00027f6a      0x185 ./Core/Src/oled.o
 .debug_macro   0x000280ef       0x10 ./Core/Src/oled.o
 .debug_macro   0x000280ff       0x3c ./Core/Src/oled.o
 .debug_macro   0x0002813b       0x20 ./Core/Src/oled.o
 .debug_macro   0x0002815b      0x1e3 ./Core/Src/spi.o
 .debug_macro   0x0002833e      0x1d9 ./Core/Src/stm32l4xx_hal_msp.o
 .debug_macro   0x00028517      0x1e3 ./Core/Src/stm32l4xx_it.o
 .debug_macro   0x000286fa      0x1cf ./Core/Src/system_stm32l4xx.o
 .debug_macro   0x000288c9      0x1e3 ./Core/Src/usart.o
 .debug_macro   0x00028aac      0x21d ./Drivers/STM32L4xx_HAL_Driver/Src/stm32l4xx_hal.o
 .debug_macro   0x00028cc9      0x1cf ./Drivers/STM32L4xx_HAL_Driver/Src/stm32l4xx_hal_cortex.o
 .debug_macro   0x00028e98      0x1d6 ./Drivers/STM32L4xx_HAL_Driver/Src/stm32l4xx_hal_gpio.o
 .debug_macro   0x0002906e      0x1f9 ./Drivers/STM32L4xx_HAL_Driver/Src/stm32l4xx_hal_pwr_ex.o
 .debug_macro   0x00029267      0x211 ./Drivers/STM32L4xx_HAL_Driver/Src/stm32l4xx_hal_rcc.o
 .debug_macro   0x00029478      0x205 ./Drivers/STM32L4xx_HAL_Driver/Src/stm32l4xx_hal_rcc_ex.o
 .debug_macro   0x0002967d      0x1d7 ./Drivers/STM32L4xx_HAL_Driver/Src/stm32l4xx_hal_spi.o
 .debug_macro   0x00029854      0x1fa ./Drivers/STM32L4xx_HAL_Driver/Src/stm32l4xx_hal_uart.o
 .debug_macro   0x00029a4e      0x1db ./Drivers/STM32L4xx_HAL_Driver/Src/stm32l4xx_hal_uart_ex.o

.debug_line     0x00000000    0x106c3
 .debug_line    0x00000000      0x8fb ./Core/Src/gpio.o
 .debug_line    0x000008fb      0x825 ./Core/Src/main.o
 .debug_line    0x00001120      0xd69 ./Core/Src/oled.o
 .debug_line    0x00001e89      0x7de ./Core/Src/spi.o
 .debug_line    0x00002667      0x761 ./Core/Src/stm32l4xx_hal_msp.o
 .debug_line    0x00002dc8      0x810 ./Core/Src/stm32l4xx_it.o
 .debug_line    0x000035d8      0x7ff ./Core/Src/system_stm32l4xx.o
 .debug_line    0x00003dd7      0x817 ./Core/Src/usart.o
 .debug_line    0x000045ee       0x7b ./Core/Startup/startup_stm32l4r5zitxp.o
 .debug_line    0x00004669      0xb67 ./Drivers/STM32L4xx_HAL_Driver/Src/stm32l4xx_hal.o
 .debug_line    0x000051d0      0xd02 ./Drivers/STM32L4xx_HAL_Driver/Src/stm32l4xx_hal_cortex.o
 .debug_line    0x00005ed2      0xba3 ./Drivers/STM32L4xx_HAL_Driver/Src/stm32l4xx_hal_gpio.o
 .debug_line    0x00006a75      0xdbe ./Drivers/STM32L4xx_HAL_Driver/Src/stm32l4xx_hal_pwr_ex.o
 .debug_line    0x00007833     0x11ac ./Drivers/STM32L4xx_HAL_Driver/Src/stm32l4xx_hal_rcc.o
 .debug_line    0x000089df     0x19e6 ./Drivers/STM32L4xx_HAL_Driver/Src/stm32l4xx_hal_rcc_ex.o
 .debug_line    0x0000a3c5     0x2047 ./Drivers/STM32L4xx_HAL_Driver/Src/stm32l4xx_hal_spi.o
 .debug_line    0x0000c40c     0x35e8 ./Drivers/STM32L4xx_HAL_Driver/Src/stm32l4xx_hal_uart.o
 .debug_line    0x0000f9f4      0xccf ./Drivers/STM32L4xx_HAL_Driver/Src/stm32l4xx_hal_uart_ex.o

.debug_str      0x00000000    0xfeda7
 .debug_str     0x00000000    0xfeda7 ./Core/Src/gpio.o
                              0xf7c78 (size before relaxing)
 .debug_str     0x000feda7    0xf8313 ./Core/Src/main.o
 .debug_str     0x000feda7    0xfb699 ./Core/Src/oled.o
 .debug_str     0x000feda7    0xf81b2 ./Core/Src/spi.o
 .debug_str     0x000feda7    0xf7bc0 ./Core/Src/stm32l4xx_hal_msp.o
 .debug_str     0x000feda7    0xf7ada ./Core/Src/stm32l4xx_it.o
 .debug_str     0x000feda7    0xf7c87 ./Core/Src/system_stm32l4xx.o
 .debug_str     0x000feda7    0xf8597 ./Core/Src/usart.o
 .debug_str     0x000feda7       0x96 ./Core/Startup/startup_stm32l4r5zitxp.o
 .debug_str     0x000feda7    0xf8857 ./Drivers/STM32L4xx_HAL_Driver/Src/stm32l4xx_hal.o
 .debug_str     0x000feda7    0xf8518 ./Drivers/STM32L4xx_HAL_Driver/Src/stm32l4xx_hal_cortex.o
 .debug_str     0x000feda7    0xf7e01 ./Drivers/STM32L4xx_HAL_Driver/Src/stm32l4xx_hal_gpio.o
 .debug_str     0x000feda7    0xf825a ./Drivers/STM32L4xx_HAL_Driver/Src/stm32l4xx_hal_pwr_ex.o
 .debug_str     0x000feda7    0xf82fa ./Drivers/STM32L4xx_HAL_Driver/Src/stm32l4xx_hal_rcc.o
 .debug_str     0x000feda7    0xf86bb ./Drivers/STM32L4xx_HAL_Driver/Src/stm32l4xx_hal_rcc_ex.o
 .debug_str     0x000feda7    0xf857e ./Drivers/STM32L4xx_HAL_Driver/Src/stm32l4xx_hal_spi.o
 .debug_str     0x000feda7    0xf8c2b ./Drivers/STM32L4xx_HAL_Driver/Src/stm32l4xx_hal_uart.o
 .debug_str     0x000feda7    0xf843b ./Drivers/STM32L4xx_HAL_Driver/Src/stm32l4xx_hal_uart_ex.o

.comment        0x00000000       0x43
 .comment       0x00000000       0x43 ./Core/Src/gpio.o
                                 0x44 (size before relaxing)
 .comment       0x00000043       0x44 ./Core/Src/main.o
 .comment       0x00000043       0x44 ./Core/Src/oled.o
 .comment       0x00000043       0x44 ./Core/Src/spi.o
 .comment       0x00000043       0x44 ./Core/Src/stm32l4xx_hal_msp.o
 .comment       0x00000043       0x44 ./Core/Src/stm32l4xx_it.o
 .comment       0x00000043       0x44 ./Core/Src/system_stm32l4xx.o
 .comment       0x00000043       0x44 ./Core/Src/usart.o
 .comment       0x00000043       0x44 ./Drivers/STM32L4xx_HAL_Driver/Src/stm32l4xx_hal.o
 .comment       0x00000043       0x44 ./Drivers/STM32L4xx_HAL_Driver/Src/stm32l4xx_hal_cortex.o
 .comment       0x00000043       0x44 ./Drivers/STM32L4xx_HAL_Driver/Src/stm32l4xx_hal_gpio.o
 .comment       0x00000043       0x44 ./Drivers/STM32L4xx_HAL_Driver/Src/stm32l4xx_hal_pwr_ex.o
 .comment       0x00000043       0x44 ./Drivers/STM32L4xx_HAL_Driver/Src/stm32l4xx_hal_rcc.o
 .comment       0x00000043       0x44 ./Drivers/STM32L4xx_HAL_Driver/Src/stm32l4xx_hal_rcc_ex.o
 .comment       0x00000043       0x44 ./Drivers/STM32L4xx_HAL_Driver/Src/stm32l4xx_hal_spi.o
 .comment       0x00000043       0x44 ./Drivers/STM32L4xx_HAL_Driver/Src/stm32l4xx_hal_uart.o
 .comment       0x00000043       0x44 ./Drivers/STM32L4xx_HAL_Driver/Src/stm32l4xx_hal_uart_ex.o

.debug_frame    0x00000000     0x32f4
 .debug_frame   0x00000000       0x38 ./Core/Src/gpio.o
 .debug_frame   0x00000038       0x6c ./Core/Src/main.o
 .debug_frame   0x000000a4      0x234 ./Core/Src/oled.o
 .debug_frame   0x000002d8       0x74 ./Core/Src/spi.o
 .debug_frame   0x0000034c       0x38 ./Core/Src/stm32l4xx_hal_msp.o
 .debug_frame   0x00000384      0x104 ./Core/Src/stm32l4xx_it.o
 .debug_frame   0x00000488       0x58 ./Core/Src/system_stm32l4xx.o
 .debug_frame   0x000004e0       0x78 ./Core/Src/usart.o
 .debug_frame   0x00000558      0x498 ./Drivers/STM32L4xx_HAL_Driver/Src/stm32l4xx_hal.o
 .debug_frame   0x000009f0      0x4e8 ./Drivers/STM32L4xx_HAL_Driver/Src/stm32l4xx_hal_cortex.o
 .debug_frame   0x00000ed8      0x14c ./Drivers/STM32L4xx_HAL_Driver/Src/stm32l4xx_hal_gpio.o
 .debug_frame   0x00001024      0x5c4 ./Drivers/STM32L4xx_HAL_Driver/Src/stm32l4xx_hal_pwr_ex.o
 .debug_frame   0x000015e8      0x248 ./Drivers/STM32L4xx_HAL_Driver/Src/stm32l4xx_hal_rcc.o
 .debug_frame   0x00001830      0x464 ./Drivers/STM32L4xx_HAL_Driver/Src/stm32l4xx_hal_rcc_ex.o
 .debug_frame   0x00001c94      0x860 ./Drivers/STM32L4xx_HAL_Driver/Src/stm32l4xx_hal_spi.o
 .debug_frame   0x000024f4      0xa94 ./Drivers/STM32L4xx_HAL_Driver/Src/stm32l4xx_hal_uart.o
 .debug_frame   0x00002f88      0x2c0 ./Drivers/STM32L4xx_HAL_Driver/Src/stm32l4xx_hal_uart_ex.o
 .debug_frame   0x00003248       0x20 C:/ST/STM32CubeIDE_1.19.0/STM32CubeIDE/plugins/com.st.stm32cube.ide.mcu.externaltools.gnu-tools-for-stm32.13.3.rel1.win32_1.0.0.202411081344/tools/bin/../lib/gcc/arm-none-eabi/13.3.1/../../../../arm-none-eabi/lib/thumb/v7e-m+fp/hard\libc_nano.a(libc_a-memset.o)
 .debug_frame   0x00003268       0x2c C:/ST/STM32CubeIDE_1.19.0/STM32CubeIDE/plugins/com.st.stm32cube.ide.mcu.externaltools.gnu-tools-for-stm32.13.3.rel1.win32_1.0.0.202411081344/tools/bin/../lib/gcc/arm-none-eabi/13.3.1/../../../../arm-none-eabi/lib/thumb/v7e-m+fp/hard\libc_nano.a(libc_a-init.o)
 .debug_frame   0x00003294       0x2c C:/ST/STM32CubeIDE_1.19.0/STM32CubeIDE/plugins/com.st.stm32cube.ide.mcu.externaltools.gnu-tools-for-stm32.13.3.rel1.win32_1.0.0.202411081344/tools/bin/../lib/gcc/arm-none-eabi/13.3.1/thumb/v7e-m+fp/hard\libgcc.a(_aeabi_uldivmod.o)
 .debug_frame   0x000032c0       0x34 C:/ST/STM32CubeIDE_1.19.0/STM32CubeIDE/plugins/com.st.stm32cube.ide.mcu.externaltools.gnu-tools-for-stm32.13.3.rel1.win32_1.0.0.202411081344/tools/bin/../lib/gcc/arm-none-eabi/13.3.1/thumb/v7e-m+fp/hard\libgcc.a(_udivmoddi4.o)

.debug_line_str
                0x00000000       0x7a
 .debug_line_str
                0x00000000       0x7a ./Core/Startup/startup_stm32l4r5zitxp.o
